../Core/Src/main.c:120:5:main	8	static
../Core/Src/main.c:219:6:SystemClock_Config	96	static
../Core/Src/main.c:269:13:MX_ADC1_Init	48	static
../Core/Src/main.c:336:13:MX_USART2_UART_Init	8	static
../Core/Src/main.c:371:13:MX_GPIO_Init	48	static
../Core/Src/main.c:424:6:StartDefaultTask	600	static
../Core/Src/main.c:467:6:StartTask02	24	static
../Core/Src/main.c:492:6:StartTask03	32	static
../Core/Src/main.c:525:6:StartTask04	24	static
../Core/Src/main.c:559:6:HAL_TIM_PeriodElapsedCallback	16	static
../Core/Src/main.c:576:6:Error_Handler	4	static,ignoring_inline_asm
